#! /usr/bin/vvp
:ivl_version "12.0 (stable)";
:ivl_delay_selection "TYPICAL";
:vpi_time_precision - 12;
:vpi_module "/usr/lib/x86_64-linux-gnu/ivl/system.vpi";
:vpi_module "/usr/lib/x86_64-linux-gnu/ivl/vhdl_sys.vpi";
:vpi_module "/usr/lib/x86_64-linux-gnu/ivl/vhdl_textio.vpi";
:vpi_module "/usr/lib/x86_64-linux-gnu/ivl/v2005_math.vpi";
:vpi_module "/usr/lib/x86_64-linux-gnu/ivl/va_math.vpi";
S_0x5663aedf4570 .scope module, "tb_LSU_all" "tb_LSU_all" 2 3;
 .timescale -9 -12;
v0x5663aee15d90_0 .var "ALUResultM", 1 0;
v0x5663aee15e70_0 .net "BW", 3 0, v0x5663aee15940_0;  1 drivers
v0x5663aee15f40_0 .net "Formatted_ReadDataM", 31 0, v0x5663aee15a20_0;  1 drivers
v0x5663aee16040_0 .var "RD", 31 0;
v0x5663aee16110_0 .var "funct3M", 2 0;
S_0x5663aedf4700 .scope module, "uut" "LSU" 2 15, 3 1 0, S_0x5663aedf4570;
 .timescale 0 0;
    .port_info 0 /INPUT 3 "funct3M";
    .port_info 1 /INPUT 2 "ALUResultM";
    .port_info 2 /INPUT 32 "RD";
    .port_info 3 /OUTPUT 4 "BW";
    .port_info 4 /OUTPUT 32 "Formatted_ReadDataM";
v0x5663aede3d30_0 .net "ALUResultM", 1 0, v0x5663aee15d90_0;  1 drivers
v0x5663aee15940_0 .var "BW", 3 0;
v0x5663aee15a20_0 .var "Formatted_ReadDataM", 31 0;
v0x5663aee15ae0_0 .net "RD", 31 0, v0x5663aee16040_0;  1 drivers
v0x5663aee15bc0_0 .net "funct3M", 2 0, v0x5663aee16110_0;  1 drivers
E_0x5663aedf5390 .event anyedge, v0x5663aee15bc0_0, v0x5663aede3d30_0, v0x5663aee15ae0_0;
    .scope S_0x5663aedf4700;
T_0 ;
    %wait E_0x5663aedf5390;
    %pushi/vec4 0, 0, 4;
    %store/vec4 v0x5663aee15940_0, 0, 4;
    %pushi/vec4 0, 0, 32;
    %store/vec4 v0x5663aee15a20_0, 0, 32;
    %load/vec4 v0x5663aee15bc0_0;
    %parti/s 2, 0, 2;
    %dup/vec4;
    %pushi/vec4 0, 0, 2;
    %cmp/u;
    %jmp/1 T_0.0, 6;
    %dup/vec4;
    %pushi/vec4 1, 0, 2;
    %cmp/u;
    %jmp/1 T_0.1, 6;
    %dup/vec4;
    %pushi/vec4 2, 0, 2;
    %cmp/u;
    %jmp/1 T_0.2, 6;
    %jmp T_0.3;
T_0.0 ;
    %load/vec4 v0x5663aede3d30_0;
    %dup/vec4;
    %pushi/vec4 0, 0, 2;
    %cmp/u;
    %jmp/1 T_0.4, 6;
    %dup/vec4;
    %pushi/vec4 1, 0, 2;
    %cmp/u;
    %jmp/1 T_0.5, 6;
    %dup/vec4;
    %pushi/vec4 2, 0, 2;
    %cmp/u;
    %jmp/1 T_0.6, 6;
    %dup/vec4;
    %pushi/vec4 3, 0, 2;
    %cmp/u;
    %jmp/1 T_0.7, 6;
    %jmp T_0.8;
T_0.4 ;
    %pushi/vec4 1, 0, 4;
    %store/vec4 v0x5663aee15940_0, 0, 4;
    %jmp T_0.8;
T_0.5 ;
    %pushi/vec4 2, 0, 4;
    %store/vec4 v0x5663aee15940_0, 0, 4;
    %jmp T_0.8;
T_0.6 ;
    %pushi/vec4 4, 0, 4;
    %store/vec4 v0x5663aee15940_0, 0, 4;
    %jmp T_0.8;
T_0.7 ;
    %pushi/vec4 8, 0, 4;
    %store/vec4 v0x5663aee15940_0, 0, 4;
    %jmp T_0.8;
T_0.8 ;
    %pop/vec4 1;
    %jmp T_0.3;
T_0.1 ;
    %load/vec4 v0x5663aede3d30_0;
    %parti/s 1, 1, 2;
    %dup/vec4;
    %pushi/vec4 0, 0, 1;
    %cmp/u;
    %jmp/1 T_0.9, 6;
    %dup/vec4;
    %pushi/vec4 1, 0, 1;
    %cmp/u;
    %jmp/1 T_0.10, 6;
    %jmp T_0.11;
T_0.9 ;
    %pushi/vec4 3, 0, 4;
    %store/vec4 v0x5663aee15940_0, 0, 4;
    %jmp T_0.11;
T_0.10 ;
    %pushi/vec4 12, 0, 4;
    %store/vec4 v0x5663aee15940_0, 0, 4;
    %jmp T_0.11;
T_0.11 ;
    %pop/vec4 1;
    %jmp T_0.3;
T_0.2 ;
    %pushi/vec4 15, 0, 4;
    %store/vec4 v0x5663aee15940_0, 0, 4;
    %jmp T_0.3;
T_0.3 ;
    %pop/vec4 1;
    %load/vec4 v0x5663aee15bc0_0;
    %dup/vec4;
    %pushi/vec4 0, 0, 3;
    %cmp/u;
    %jmp/1 T_0.12, 6;
    %dup/vec4;
    %pushi/vec4 4, 0, 3;
    %cmp/u;
    %jmp/1 T_0.13, 6;
    %dup/vec4;
    %pushi/vec4 1, 0, 3;
    %cmp/u;
    %jmp/1 T_0.14, 6;
    %dup/vec4;
    %pushi/vec4 5, 0, 3;
    %cmp/u;
    %jmp/1 T_0.15, 6;
    %dup/vec4;
    %pushi/vec4 2, 0, 3;
    %cmp/u;
    %jmp/1 T_0.16, 6;
    %load/vec4 v0x5663aee15ae0_0;
    %store/vec4 v0x5663aee15a20_0, 0, 32;
    %jmp T_0.18;
T_0.12 ;
    %load/vec4 v0x5663aede3d30_0;
    %dup/vec4;
    %pushi/vec4 0, 0, 2;
    %cmp/u;
    %jmp/1 T_0.19, 6;
    %dup/vec4;
    %pushi/vec4 1, 0, 2;
    %cmp/u;
    %jmp/1 T_0.20, 6;
    %dup/vec4;
    %pushi/vec4 2, 0, 2;
    %cmp/u;
    %jmp/1 T_0.21, 6;
    %dup/vec4;
    %pushi/vec4 3, 0, 2;
    %cmp/u;
    %jmp/1 T_0.22, 6;
    %jmp T_0.23;
T_0.19 ;
    %load/vec4 v0x5663aee15ae0_0;
    %parti/s 1, 7, 4;
    %replicate 24;
    %load/vec4 v0x5663aee15ae0_0;
    %parti/s 8, 0, 2;
    %concat/vec4; draw_concat_vec4
    %store/vec4 v0x5663aee15a20_0, 0, 32;
    %jmp T_0.23;
T_0.20 ;
    %load/vec4 v0x5663aee15ae0_0;
    %parti/s 1, 15, 5;
    %replicate 24;
    %load/vec4 v0x5663aee15ae0_0;
    %parti/s 8, 8, 5;
    %concat/vec4; draw_concat_vec4
    %store/vec4 v0x5663aee15a20_0, 0, 32;
    %jmp T_0.23;
T_0.21 ;
    %load/vec4 v0x5663aee15ae0_0;
    %parti/s 1, 23, 6;
    %replicate 24;
    %load/vec4 v0x5663aee15ae0_0;
    %parti/s 8, 16, 6;
    %concat/vec4; draw_concat_vec4
    %store/vec4 v0x5663aee15a20_0, 0, 32;
    %jmp T_0.23;
T_0.22 ;
    %load/vec4 v0x5663aee15ae0_0;
    %parti/s 1, 23, 6;
    %replicate 24;
    %load/vec4 v0x5663aee15ae0_0;
    %parti/s 8, 16, 6;
    %concat/vec4; draw_concat_vec4
    %store/vec4 v0x5663aee15a20_0, 0, 32;
    %jmp T_0.23;
T_0.23 ;
    %pop/vec4 1;
    %jmp T_0.18;
T_0.13 ;
    %load/vec4 v0x5663aede3d30_0;
    %dup/vec4;
    %pushi/vec4 0, 0, 2;
    %cmp/u;
    %jmp/1 T_0.24, 6;
    %dup/vec4;
    %pushi/vec4 1, 0, 2;
    %cmp/u;
    %jmp/1 T_0.25, 6;
    %dup/vec4;
    %pushi/vec4 2, 0, 2;
    %cmp/u;
    %jmp/1 T_0.26, 6;
    %dup/vec4;
    %pushi/vec4 3, 0, 2;
    %cmp/u;
    %jmp/1 T_0.27, 6;
    %jmp T_0.28;
T_0.24 ;
    %pushi/vec4 0, 0, 24;
    %load/vec4 v0x5663aee15ae0_0;
    %parti/s 8, 0, 2;
    %concat/vec4; draw_concat_vec4
    %store/vec4 v0x5663aee15a20_0, 0, 32;
    %jmp T_0.28;
T_0.25 ;
    %pushi/vec4 0, 0, 24;
    %load/vec4 v0x5663aee15ae0_0;
    %parti/s 8, 8, 5;
    %concat/vec4; draw_concat_vec4
    %store/vec4 v0x5663aee15a20_0, 0, 32;
    %jmp T_0.28;
T_0.26 ;
    %pushi/vec4 0, 0, 24;
    %load/vec4 v0x5663aee15ae0_0;
    %parti/s 8, 16, 6;
    %concat/vec4; draw_concat_vec4
    %store/vec4 v0x5663aee15a20_0, 0, 32;
    %jmp T_0.28;
T_0.27 ;
    %pushi/vec4 0, 0, 24;
    %load/vec4 v0x5663aee15ae0_0;
    %parti/s 8, 16, 6;
    %concat/vec4; draw_concat_vec4
    %store/vec4 v0x5663aee15a20_0, 0, 32;
    %jmp T_0.28;
T_0.28 ;
    %pop/vec4 1;
    %jmp T_0.18;
T_0.14 ;
    %load/vec4 v0x5663aede3d30_0;
    %parti/s 1, 1, 2;
    %dup/vec4;
    %pushi/vec4 0, 0, 1;
    %cmp/u;
    %jmp/1 T_0.29, 6;
    %dup/vec4;
    %pushi/vec4 1, 0, 1;
    %cmp/u;
    %jmp/1 T_0.30, 6;
    %jmp T_0.31;
T_0.29 ;
    %load/vec4 v0x5663aee15ae0_0;
    %parti/s 1, 15, 5;
    %replicate 16;
    %load/vec4 v0x5663aee15ae0_0;
    %parti/s 16, 0, 2;
    %concat/vec4; draw_concat_vec4
    %store/vec4 v0x5663aee15a20_0, 0, 32;
    %jmp T_0.31;
T_0.30 ;
    %load/vec4 v0x5663aee15ae0_0;
    %parti/s 1, 31, 6;
    %replicate 16;
    %load/vec4 v0x5663aee15ae0_0;
    %parti/s 16, 16, 6;
    %concat/vec4; draw_concat_vec4
    %store/vec4 v0x5663aee15a20_0, 0, 32;
    %jmp T_0.31;
T_0.31 ;
    %pop/vec4 1;
    %jmp T_0.18;
T_0.15 ;
    %load/vec4 v0x5663aede3d30_0;
    %parti/s 1, 1, 2;
    %dup/vec4;
    %pushi/vec4 0, 0, 1;
    %cmp/u;
    %jmp/1 T_0.32, 6;
    %dup/vec4;
    %pushi/vec4 1, 0, 1;
    %cmp/u;
    %jmp/1 T_0.33, 6;
    %jmp T_0.34;
T_0.32 ;
    %pushi/vec4 0, 0, 16;
    %load/vec4 v0x5663aee15ae0_0;
    %parti/s 16, 0, 2;
    %concat/vec4; draw_concat_vec4
    %store/vec4 v0x5663aee15a20_0, 0, 32;
    %jmp T_0.34;
T_0.33 ;
    %pushi/vec4 0, 0, 16;
    %load/vec4 v0x5663aee15ae0_0;
    %parti/s 16, 16, 6;
    %concat/vec4; draw_concat_vec4
    %store/vec4 v0x5663aee15a20_0, 0, 32;
    %jmp T_0.34;
T_0.34 ;
    %pop/vec4 1;
    %jmp T_0.18;
T_0.16 ;
    %load/vec4 v0x5663aee15ae0_0;
    %store/vec4 v0x5663aee15a20_0, 0, 32;
    %jmp T_0.18;
T_0.18 ;
    %pop/vec4 1;
    %jmp T_0;
    .thread T_0, $push;
    .scope S_0x5663aedf4570;
T_1 ;
    %vpi_call 2 24 "$dumpfile", "lsu_all_waveform.vcd" {0 0 0};
    %vpi_call 2 25 "$dumpvars", 32'sb00000000000000000000000000000000, S_0x5663aedf4570 {0 0 0};
    %vpi_call 2 27 "$display", "=== STARTING COMPREHENSIVE LSU TEST (ALL 8 INSTRUCTIONS) ===" {0 0 0};
    %pushi/vec4 0, 0, 3;
    %store/vec4 v0x5663aee16110_0, 0, 3;
    %pushi/vec4 2, 0, 2;
    %store/vec4 v0x5663aee15d90_0, 0, 2;
    %pushi/vec4 0, 0, 32;
    %store/vec4 v0x5663aee16040_0, 0, 32;
    %delay 10000, 0;
    %vpi_call 2 38 "$display", "1. sb  -> Expected BW: 0100 | Actual BW: %b", v0x5663aee15e70_0 {0 0 0};
    %pushi/vec4 1, 0, 3;
    %store/vec4 v0x5663aee16110_0, 0, 3;
    %pushi/vec4 2, 0, 2;
    %store/vec4 v0x5663aee15d90_0, 0, 2;
    %delay 10000, 0;
    %vpi_call 2 44 "$display", "2. sh  -> Expected BW: 1100 | Actual BW: %b", v0x5663aee15e70_0 {0 0 0};
    %pushi/vec4 2, 0, 3;
    %store/vec4 v0x5663aee16110_0, 0, 3;
    %pushi/vec4 0, 0, 2;
    %store/vec4 v0x5663aee15d90_0, 0, 2;
    %delay 10000, 0;
    %vpi_call 2 50 "$display", "3. sw  -> Expected BW: 1111 | Actual BW: %b", v0x5663aee15e70_0 {0 0 0};
    %pushi/vec4 0, 0, 3;
    %store/vec4 v0x5663aee16110_0, 0, 3;
    %pushi/vec4 0, 0, 2;
    %store/vec4 v0x5663aee15d90_0, 0, 2;
    %pushi/vec4 138, 0, 32;
    %store/vec4 v0x5663aee16040_0, 0, 32;
    %delay 10000, 0;
    %vpi_call 2 63 "$display", "4. lb  (signed)   -> Expected: ffffff8a | Actual: %h", v0x5663aee15f40_0 {0 0 0};
    %pushi/vec4 4, 0, 3;
    %store/vec4 v0x5663aee16110_0, 0, 3;
    %pushi/vec4 0, 0, 2;
    %store/vec4 v0x5663aee15d90_0, 0, 2;
    %pushi/vec4 138, 0, 32;
    %store/vec4 v0x5663aee16040_0, 0, 32;
    %delay 10000, 0;
    %vpi_call 2 71 "$display", "5. lbu (unsigned) -> Expected: 0000008a | Actual: %h", v0x5663aee15f40_0 {0 0 0};
    %pushi/vec4 1, 0, 3;
    %store/vec4 v0x5663aee16110_0, 0, 3;
    %pushi/vec4 0, 0, 2;
    %store/vec4 v0x5663aee15d90_0, 0, 2;
    %pushi/vec4 36863, 0, 32;
    %store/vec4 v0x5663aee16040_0, 0, 32;
    %delay 10000, 0;
    %vpi_call 2 79 "$display", "6. lh  (signed)   -> Expected: ffff8fff | Actual: %h", v0x5663aee15f40_0 {0 0 0};
    %pushi/vec4 5, 0, 3;
    %store/vec4 v0x5663aee16110_0, 0, 3;
    %pushi/vec4 0, 0, 2;
    %store/vec4 v0x5663aee15d90_0, 0, 2;
    %pushi/vec4 36863, 0, 32;
    %store/vec4 v0x5663aee16040_0, 0, 32;
    %delay 10000, 0;
    %vpi_call 2 87 "$display", "7. lhu (unsigned) -> Expected: 00008fff | Actual: %h", v0x5663aee15f40_0 {0 0 0};
    %pushi/vec4 2, 0, 3;
    %store/vec4 v0x5663aee16110_0, 0, 3;
    %pushi/vec4 0, 0, 2;
    %store/vec4 v0x5663aee15d90_0, 0, 2;
    %pushi/vec4 3735928559, 0, 32;
    %store/vec4 v0x5663aee16040_0, 0, 32;
    %delay 10000, 0;
    %vpi_call 2 94 "$display", "8. lw  (word)     -> Expected: deadbeef | Actual: %h", v0x5663aee15f40_0 {0 0 0};
    %vpi_call 2 96 "$display", "=== ALL 8 INSTRUCTION TESTS COMPLETED SUCCESSFULLY ===" {0 0 0};
    %vpi_call 2 97 "$finish" {0 0 0};
    %end;
    .thread T_1;
# The file index is used to find the file name in the following table.
:file_names 4;
    "N/A";
    "<interactive>";
    "tb/tb_LSU";
    "rtl/LSU";
